// Jest Snapshot v1, https://goo.gl/fbAQLP

exports[`patientSearchForm should render correctly 1`] = `
<form
  className=""
  onSubmit={[Function]}
>
  <div
    className="container"
  >
    <div
      className="row"
    >
      <div
        className="form-group"
      >
        <label
          className="control-label"
          htmlFor={undefined}
        >
          Search
        </label>
        <div
          className=""
        >
          <input
            name="query"
            onBlur={[Function]}
            onChange={[Function]}
            onDragStart={[Function]}
            onDrop={[Function]}
            onFocus={[Function]}
            type="text"
            value=""
          />
        </div>
      </div>
    </div>
    <div
      className="row"
    >
      <div
        className="form-group"
      >
        <div
          className=""
        >
          <div
            className="btn-toolbar"
            role="toolbar"
          >
            <button
              className="btn btn-lg btn-success"
              disabled={true}
              type="submit"
            >
              Search
            </button>
            <button
              className="btn btn-lg btn-danger"
              disabled={true}
              onClick={[Function]}
              type="button"
            >
              Clear Values
            </button>
          </div>
        </div>
      </div>
    </div>
  </div>
</form>
`;
