// Jest Snapshot v1, https://goo.gl/fbAQLP

exports[`patientSearchForm should render correctly 1`] = `
<form
  onSubmit={[Function]}
>
  <div
    className="container"
  >
    <div
      className="row"
    >
      <div
        className=""
      >
        <label>
          Search: 
        </label>
        <input
          name="query"
          onBlur={[Function]}
          onChange={[Function]}
          onDragStart={[Function]}
          onDrop={[Function]}
          onFocus={[Function]}
          type="text"
          value=""
        />
      </div>
    </div>
    <div
      className="row"
    >
      <div
        className=""
      >
        <div
          className="btn-toolbar"
          role="toolbar"
        >
          <button
            className="btn btn-success"
            disabled={true}
            type="submit"
          >
            Search
          </button>
          <button
            className="btn btn-danger"
            disabled={true}
            onClick={[Function]}
            type="button"
          >
            Clear Values
          </button>
        </div>
      </div>
    </div>
  </div>
</form>
`;
