// Jest Snapshot v1, https://goo.gl/fbAQLP

exports[`patientSearchForm should render correctly 1`] = `
<div>
  <div
    className="name-filter-container"
  >
    <span
      className="name-filter"
    >
      <span
        className="left-icon glyphicon glyphicon-search"
      />
      <input
        className="form-control"
        id={undefined}
        name="query"
        onBlur={[Function]}
        onChange={[Function]}
        onDragStart={[Function]}
        onDrop={[Function]}
        onFocus={[Function]}
        placeholder="search by text"
        type="text"
        value=""
      />
      <span
        className="right-icon glyphicon glyphicon-remove-sign"
        onClick={[Function]}
      />
    </span>
  </div>
</div>
`;
