// Jest Snapshot v1, https://goo.gl/fbAQLP

exports[`Component: ButtonGroup renders properly 1`] = `
<div>
  <div
    className="btn-group"
    justified={true}
    name="mockname"
    role="group"
    type="radio"
  >
    <button
      aria-label={null}
      className="btn btn-secondary"
      onClick={[Function]}
      style={
        Object {
          "whiteSpace": "normal",
        }
      }
      type={undefined}
      value="1234"
    >
      mockName
    </button>
  </div>
</div>
`;
