// Jest Snapshot v1, https://goo.gl/fbAQLP

exports[`Component: CheckBox renders properly 1`] = `
<div>
  <span>
    <span>
      
    </span>
    <span>
      <input
        checked={false}
        className="form-check-input"
        onChange={[Function]}
        title=""
        type="checkbox"
      />
    </span>
  </span>
</div>
`;
