// Jest Snapshot v1, https://goo.gl/fbAQLP

exports[`Component: Dropdown renders properly 1`] = `
<span
  className=""
>
  <span
    className=""
  >
    
  </span>
  <select
    onChange={[Function]}
    style={
      Object {
        "height": "45px",
        "width": "100%",
      }
    }
    value=""
  />
</span>
`;
