// Jest Snapshot v1, https://goo.gl/fbAQLP

exports[`Component: LoginForm should render correctly 1`] = `
<div>
  <h3>
    <span
      className="label label-default"
    >
      Login
    </span>
  </h3>
  <form
    className="form-horizontal"
    onSubmit={[Function]}
  >
    <div
      className="container"
    >
      <div
        className="row"
      >
        <div
          className="form-group"
        >
          <label
            className="col-sm-2 control-label"
            htmlFor="formUsername"
          >
            Username
          </label>
          <div
            className="col-sm-4"
          >
            <input
              className="form-control"
              id="formUsername"
              max={undefined}
              min={undefined}
              onChange={[Function]}
              placeholder="username"
              type="text"
              value=""
            />
          </div>
        </div>
      </div>
      <div
        className="row"
      >
        <div
          className="form-group"
        >
          <label
            className="col-sm-2 control-label"
            htmlFor="formPassword"
          >
            Password
          </label>
          <div
            className="col-sm-4"
          >
            <input
              className="form-control"
              id="formPassword"
              max={undefined}
              min={undefined}
              onChange={[Function]}
              placeholder="password"
              type="password"
              value=""
            />
          </div>
        </div>
      </div>
      <div
        className="row"
      >
        <div
          className="form-group"
        >
          <label
            className="col-sm-2 control-label"
            htmlFor="formLocationSelect"
          >
            Location
          </label>
          <div
            className="col-sm-4"
          >
            <div>
              <select
                disabled={undefined}
                name="location"
                onBlur={[Function]}
                onChange={[Function]}
                onDragStart={[Function]}
                onDrop={[Function]}
                onFocus={[Function]}
                value=""
              >
                <option
                  value=""
                >
                  Select Location
                </option>
              </select>
            </div>
          </div>
        </div>
      </div>
      <div
        className="row"
      >
        <div
          className="form-group"
        >
          <div
            className="col-sm-4 col-sm-offset-2"
          >
            <div
              className="btn-toolbar"
              role="toolbar"
            >
              <button
                className="btn btn-lg btn-success"
                disabled={true}
                type="submit"
              >
                Submit
              </button>
              <button
                className="btn btn-lg btn-danger"
                disabled={true}
                onClick={[Function]}
                type="button"
              >
                Clear Values
              </button>
            </div>
          </div>
        </div>
      </div>
    </div>
  </form>
</div>
`;
